00001: Hello Mister 1
00002: Hello Mister 2
00003: Hello Mister 3
00004: Hello Mister 4
00005: Hello Mister 5
00006: Hello Mister 6
00007: Hello Mister 7
00008: Hello Mister 8
00009: Hello Mister 9
00010: Hello Mister 10
00011: Hello Mister 11
00012: Hello Mister 12
